// Jest Snapshot v1, https://goo.gl/fbAQLP

exports[`Details component renders Details 1`] = `
<DocumentFragment>
  <figure>
    <img />
    <figcaption>
      <p />
    </figcaption>
  </figure>
</DocumentFragment>
`;
