// Jest Snapshot v1, https://goo.gl/fbAQLP

exports[`App component renders App 1`] = `
<DocumentFragment>
  <div>
    <h1>
      Welcome to the Hey, I am Arnold! 
      <br />
      **MEGA FAN SITE** 
    </h1>
    <h1>
      Loading...
    </h1>
  </div>
</DocumentFragment>
`;
